ESP-ROM:esp32s3-20210327
Build:Mar 27 2021
rst:0x15 (USB_UART_CHIP_RESET),boot:0x2b (SPI_FAST_FLASH_BOOT)
Saved PC:0x40377cf6
SPIWP:0xee
mode:DIO, clock div:1
load:0x3fce2820,len:0x1178
load:0x403c8700,len:0xce0
load:0x403cb700,len:0x2ff8
entry 0x403c88a8
FP_CONFIG cpu_hz=240000000 chip_revision=2 calls=1024 ops_per_call=256 iram=1
FP_RESULT cell=empty result_bits=3f800000
FP_SAMPLE cell=empty sample=0 cycles=22529
FP_SAMPLE cell=empty sample=1 cycles=22529
FP_SAMPLE cell=empty sample=2 cycles=22529
FP_SAMPLE cell=empty sample=3 cycles=22529
FP_SAMPLE cell=empty sample=4 cycles=22529
FP_SAMPLE cell=empty sample=5 cycles=22529
FP_SAMPLE cell=empty sample=6 cycles=22529
FP_SAMPLE cell=empty sample=7 cycles=22529
FP_SAMPLE cell=empty sample=8 cycles=22529
FP_RESULT cell=add_dep result_bits=43808000
FP_SAMPLE cell=add_dep sample=0 cycles=1071173
FP_SAMPLE cell=add_dep sample=1 cycles=1071172
FP_SAMPLE cell=add_dep sample=2 cycles=1071172
FP_SAMPLE cell=add_dep sample=3 cycles=1071172
FP_SAMPLE cell=add_dep sample=4 cycles=1071172
FP_SAMPLE cell=add_dep sample=5 cycles=1071172
FP_SAMPLE cell=add_dep sample=6 cycles=1071172
FP_SAMPLE cell=add_dep sample=7 cycles=1071172
FP_SAMPLE cell=add_dep sample=8 cycles=1071172
FP_RESULT cell=add_ind4 result_bits=42820000
FP_SAMPLE cell=add_ind4 sample=0 cycles=284780
FP_SAMPLE cell=add_ind4 sample=1 cycles=284780
FP_SAMPLE cell=add_ind4 sample=2 cycles=284781
FP_SAMPLE cell=add_ind4 sample=3 cycles=284781
FP_SAMPLE cell=add_ind4 sample=4 cycles=284780
FP_SAMPLE cell=add_ind4 sample=5 cycles=284780
FP_SAMPLE cell=add_ind4 sample=6 cycles=284780
FP_SAMPLE cell=add_ind4 sample=7 cycles=284781
FP_SAMPLE cell=add_ind4 sample=8 cycles=284781
FP_RESULT cell=mul_dep result_bits=3f800000
FP_SAMPLE cell=mul_dep sample=0 cycles=1071167
FP_SAMPLE cell=mul_dep sample=1 cycles=1071172
FP_SAMPLE cell=mul_dep sample=2 cycles=1071172
FP_SAMPLE cell=mul_dep sample=3 cycles=1071172
FP_SAMPLE cell=mul_dep sample=4 cycles=1071172
FP_SAMPLE cell=mul_dep sample=5 cycles=1071172
FP_SAMPLE cell=mul_dep sample=6 cycles=1071172
FP_SAMPLE cell=mul_dep sample=7 cycles=1071172
FP_SAMPLE cell=mul_dep sample=8 cycles=1071172
FP_RESULT cell=mul_ind4 result_bits=3f800000
FP_SAMPLE cell=mul_ind4 sample=0 cycles=284759
FP_SAMPLE cell=mul_ind4 sample=1 cycles=284762
FP_SAMPLE cell=mul_ind4 sample=2 cycles=284753
FP_SAMPLE cell=mul_ind4 sample=3 cycles=284753
FP_SAMPLE cell=mul_ind4 sample=4 cycles=284762
FP_SAMPLE cell=mul_ind4 sample=5 cycles=284762
FP_SAMPLE cell=mul_ind4 sample=6 cycles=284762
FP_SAMPLE cell=mul_ind4 sample=7 cycles=284753
FP_SAMPLE cell=mul_ind4 sample=8 cycles=284753
FP_RESULT cell=madd_dep result_bits=43808000
FP_SAMPLE cell=madd_dep sample=0 cycles=1071114
FP_SAMPLE cell=madd_dep sample=1 cycles=1071120
FP_SAMPLE cell=madd_dep sample=2 cycles=1071120
FP_SAMPLE cell=madd_dep sample=3 cycles=1071120
FP_SAMPLE cell=madd_dep sample=4 cycles=1071120
FP_SAMPLE cell=madd_dep sample=5 cycles=1071120
FP_SAMPLE cell=madd_dep sample=6 cycles=1071120
FP_SAMPLE cell=madd_dep sample=7 cycles=1071120
FP_SAMPLE cell=madd_dep sample=8 cycles=1071120
FP_RESULT cell=madd_ind4 result_bits=42820000
FP_SAMPLE cell=madd_ind4 sample=0 cycles=284707
FP_SAMPLE cell=madd_ind4 sample=1 cycles=284706
FP_SAMPLE cell=madd_ind4 sample=2 cycles=284706
FP_SAMPLE cell=madd_ind4 sample=3 cycles=284700
FP_SAMPLE cell=madd_ind4 sample=4 cycles=284697
FP_SAMPLE cell=madd_ind4 sample=5 cycles=284703
FP_SAMPLE cell=madd_ind4 sample=6 cycles=284703
FP_SAMPLE cell=madd_ind4 sample=7 cycles=284697
FP_SAMPLE cell=madd_ind4 sample=8 cycles=284697
FP_RESULT cell=float_add_dep result_bits=40000000
FP_SAMPLE cell=float_add_dep sample=0 cycles=548899
FP_SAMPLE cell=float_add_dep sample=1 cycles=548897
FP_SAMPLE cell=float_add_dep sample=2 cycles=548897
FP_SAMPLE cell=float_add_dep sample=3 cycles=548897
FP_SAMPLE cell=float_add_dep sample=4 cycles=548897
FP_SAMPLE cell=float_add_dep sample=5 cycles=548897
FP_SAMPLE cell=float_add_dep sample=6 cycles=548897
FP_SAMPLE cell=float_add_dep sample=7 cycles=548897
FP_SAMPLE cell=float_add_dep sample=8 cycles=548897
FP_RESULT cell=float_add_ind result_bits=3f800000
FP_SAMPLE cell=float_add_ind sample=0 cycles=544805
FP_SAMPLE cell=float_add_ind sample=1 cycles=544790
FP_SAMPLE cell=float_add_ind sample=2 cycles=544790
FP_SAMPLE cell=float_add_ind sample=3 cycles=544790
FP_SAMPLE cell=float_add_ind sample=4 cycles=544790
FP_SAMPLE cell=float_add_ind sample=5 cycles=544790
FP_SAMPLE cell=float_add_ind sample=6 cycles=544790
FP_SAMPLE cell=float_add_ind sample=7 cycles=544790
FP_SAMPLE cell=float_add_ind sample=8 cycles=544790
FP_RESULT cell=mul_trunc_dep result_bits=3f800000
FP_SAMPLE cell=mul_trunc_dep sample=0 cycles=677918
FP_SAMPLE cell=mul_trunc_dep sample=1 cycles=677927
FP_SAMPLE cell=mul_trunc_dep sample=2 cycles=677930
FP_SAMPLE cell=mul_trunc_dep sample=3 cycles=677927
FP_SAMPLE cell=mul_trunc_dep sample=4 cycles=677927
FP_SAMPLE cell=mul_trunc_dep sample=5 cycles=677930
FP_SAMPLE cell=mul_trunc_dep sample=6 cycles=677927
FP_SAMPLE cell=mul_trunc_dep sample=7 cycles=677930
FP_SAMPLE cell=mul_trunc_dep sample=8 cycles=677927
FP_RESULT cell=mul_trunc_ind result_bits=3f800000
FP_SAMPLE cell=mul_trunc_ind sample=0 cycles=546872
FP_SAMPLE cell=mul_trunc_ind sample=1 cycles=546842
FP_SAMPLE cell=mul_trunc_ind sample=2 cycles=546842
FP_SAMPLE cell=mul_trunc_ind sample=3 cycles=546842
FP_SAMPLE cell=mul_trunc_ind sample=4 cycles=546842
FP_SAMPLE cell=mul_trunc_ind sample=5 cycles=546842
FP_SAMPLE cell=mul_trunc_ind sample=6 cycles=546842
FP_SAMPLE cell=mul_trunc_ind sample=7 cycles=546842
FP_SAMPLE cell=mul_trunc_ind sample=8 cycles=546842
FP_RESULT cell=lsi_add_dep result_bits=40000000
FP_SAMPLE cell=lsi_add_dep sample=0 cycles=547874
FP_SAMPLE cell=lsi_add_dep sample=1 cycles=547893
FP_SAMPLE cell=lsi_add_dep sample=2 cycles=547893
FP_SAMPLE cell=lsi_add_dep sample=3 cycles=547896
FP_SAMPLE cell=lsi_add_dep sample=4 cycles=547893
FP_SAMPLE cell=lsi_add_dep sample=5 cycles=547896
FP_SAMPLE cell=lsi_add_dep sample=6 cycles=547893
FP_SAMPLE cell=lsi_add_dep sample=7 cycles=547896
FP_SAMPLE cell=lsi_add_dep sample=8 cycles=547893
FP_RESULT cell=lsi_add_gap result_bits=40000000
FP_SAMPLE cell=lsi_add_gap sample=0 cycles=548920
FP_SAMPLE cell=lsi_add_gap sample=1 cycles=548900
FP_SAMPLE cell=lsi_add_gap sample=2 cycles=548897
FP_SAMPLE cell=lsi_add_gap sample=3 cycles=548900
FP_SAMPLE cell=lsi_add_gap sample=4 cycles=548900
FP_SAMPLE cell=lsi_add_gap sample=5 cycles=548897
FP_SAMPLE cell=lsi_add_gap sample=6 cycles=548900
FP_SAMPLE cell=lsi_add_gap sample=7 cycles=548897
FP_SAMPLE cell=lsi_add_gap sample=8 cycles=548900
FP_RESULT cell=lsi_add_ind result_bits=3f800000
FP_SAMPLE cell=lsi_add_ind sample=0 cycles=544841
FP_SAMPLE cell=lsi_add_ind sample=1 cycles=544817
FP_SAMPLE cell=lsi_add_ind sample=2 cycles=544809
FP_SAMPLE cell=lsi_add_ind sample=3 cycles=544817
FP_SAMPLE cell=lsi_add_ind sample=4 cycles=544809
FP_SAMPLE cell=lsi_add_ind sample=5 cycles=544809
FP_SAMPLE cell=lsi_add_ind sample=6 cycles=544817
FP_SAMPLE cell=lsi_add_ind sample=7 cycles=544809
FP_SAMPLE cell=lsi_add_ind sample=8 cycles=544817
FP_DONE cells=14
