[emu] APPROXIMATE timing: ApproximateTimingConfig { issue: 1, taken_branch: 3, trap: 3, external_extra: 0, mmio_extra: 0, data_cache: None }; use --boot rom; accuracy unvalidated
[emu] ROM loaded from /Users/alice/src/a/esp32sim/target/performance-review-latest-main-2026-09-06/esp32sim-performance-review-latest-main-2026-09-06/assets/rom.elf
[emu] ROM boot from reset vector 0x40000400
ESP-ROM:esp32s3-20210327
Build:Mar 27 2021
rst:0x1 (POWERON),boot:0xf (SPI_FAST_FLASH_BOOT)
configspi:0x00000008
SPIWP:0x00
mode:DIO, clock div:1
load:0x3fce2820,len:0x1664
load:0x403c8700,len:0xf38
ESP-ROM:esp32s3-20210327
Build:Mar 27 2021
rst:0x1 (POWERON),boot:0xf (SPI_FAST_FLASH_BOOT)
configspi:0x00000008
SPIWP:0x00
mode:DIO, clock div:1
load:0x3fce2820,len:0x1664
load:0x403c8700,len:0xf38
load:0x403cb700,len:0x31e8
load:0x403cb700,len:0x31e8
entry 0x403c8930
I (9) boot: ESP-IDF v6.0.2 2nd stage bootloader
I (9) boot: compile time Sep  4 2026 20:35:10
I (10) boot: Multicore bootloader
I (10) boot: chip revision: v0.0
I (10) boot: efuse block revision: v1.0
I (10) qio_mode: Enabling default flash chip QIO
entry 0x403c8930
I (9) boot: ESP-IDF v6.0.2 2nd stage bootloader
I (9) boot: compile time Sep  4 2026 20:35:10
I (10) boot: Multicore bootloader
I (10) boot: chip revision: v0.0
I (10) boot: efuse block revision: v1.0
I (10) qio_mode: Enabling default flash chip QIO
II (10) boot.esp32s3: Boot SPI Speed : 80MHz
I (10) boot.esp32s3: SPI Mode       : QIO
I (10) boot.esp32s3: SPI Flash Size : 16MB
I (10) boot: Enabling RNG early entropy source...
I (11) boot: Partition Table:
I (11) boot: ## Label            Usage          Type ST Offset   Length
I (11) boot:  0 nvs              WiFi data        01 02 00009000 00006000
I (11) boot:  1 phy_init         RF data          01 01 0000f000 00001000
 (10) boot.esp32s3: Boot SPI Speed : 80MHz
I (10) boot.esp32s3: SPI Mode       : QIO
I (10) boot.esp32s3: SPI Flash Size : 16MB
I (10) boot: Enabling RNG early entropy source...
I (11) boot: Partition Table:
I (11) boot: ## Label            Usage          Type ST Offset   Length
I (11) boot:  0 nvs              WiFi data        01 02 00009000 00006000
I (11) boot:  1 phy_init         RF data          01 01 0000f000 00001000
I (11) boot:  2 factory          factory app      00 00 I (11) boot:  2 factory          factory app      00 00 00010000 001c0000
I (11) boot:  3 drawing          Unknown data     01 40 001d0000 00400000
I (12) boot:  4 export           Unknown data     01 41 005d0000 00a20000
I (12) boot:  5 coredump         Unknown data     01 03 00ff0000 00010000
I (12) boot: End of partition table
I (12) esp_image: segment 0: paddr=00010020 vaddr=3c070020 size=34c7ch (216188) map
00010000 001c0000
I (11) boot:  3 drawing          Unknown data     01 40 001d0000 00400000
I (12) boot:  4 export           Unknown data     01 41 005d0000 00a20000
I (12) boot:  5 coredump         Unknown data     01 03 00ff0000 00010000
I (12) boot: End of partition table
I (12) esp_image: segment 0: paddr=00010020 vaddr=3c070020 size=34c7ch (216188) map
I (32) esp_image: segment 1: paddr=00044ca4 vaddr=3fc9d000 size=03794h ( 14228) load
I (32) esp_image: segment 1: paddr=00044ca4 vaddr=3fc9d000 size=03794h ( 14228) load
I (34) esp_image: segment 2: paddr=00048440 vaddr=40374000 size=07bd8h ( 31704) load
I (34) esp_image: segment 2: paddr=00048440 vaddr=40374000 size=07bd8h ( 31704) load
I (38) esp_image: segment 3: paddr=00050020 vaddr=42000020 size=602fch (393980) map
I (38) esp_image: segment 3: paddr=00050020 vaddr=42000020 size=602fch (393980) map
I (74) esp_image: segment 4: paddr=000b0324 vaddr=4037bbd8 size=11360h ( 70496) load
I (74) esp_image: segment 4: paddr=000b0324 vaddr=4037bbd8 size=11360h ( 70496) load
I (83) esp_image: segment 5: paddr=000c168c vaddr=50000000 size=00024h (    36) load
I (83) esp_image: segment 5: paddr=000c168c vaddr=50000000 size=00024h (    36) load
I (88) boot: Loaded app from partition at offset 0x10000
I (88) boot: Disabling RNG early entropy source...
I (89) octal_psram: vendor id    : 0x0d (AP)
I (88) boot: Loaded app from partition at offset 0x10000
I (88) boot: Disabling RNG early entropy source...
I (89) octal_psram: vendor id    : 0x0d (AP)
I (89) octal_psram: dev id I (89) octal_psram: dev id       : 0x01 (generation 2)
I (89) octal_psram: density      : 0x03 (64 Mbit)
I (89) octal_psram: good-die     : 0x01 (Pass)
I (89) octal_psram: Latency      : 0x01 (Fixed)
I (89) octal_psram: VCC          : 0x00 (1.8V)
I (90) octal_psram: SRF          : 0x00 (Slow Refresh)
I (90) octal_psram: BurstType    : 0x00 ( Wrap)
I (90) octal_psram: BurstLen     : 0x03 (1024 Byte)
I (90) octal_psram: Readlatency  : 0x02 (10 cycles@Fixed)
I (90) octal_psram: DriveStrength: 0x00 (1/1)
I (90) MSPI Timing: Enter psram timing tuning
      : 0x01 (generation 2)
I (89) octal_psram: density      : 0x03 (64 Mbit)
I (89) octal_psram: good-die     : 0x01 (Pass)
I (89) octal_psram: Latency      : 0x01 (Fixed)
I (89) octal_psram: VCC          : 0x00 (1.8V)
I (90) octal_psram: SRF          : 0x00 (Slow Refresh)
I (90) octal_psram: BurstType    : 0x00 ( Wrap)
I (90) octal_psram: BurstLen     : 0x03 (1024 Byte)
I (90) octal_psram: Readlatency  : 0x02 (10 cycles@Fixed)
I (90) octal_psram: DriveStrength: 0x00 (1/1)
I (90) MSPI Timing: Enter psram timing tuning
W MSPI Timing: tuning fail, best point is fallen back to index 5
I (91) esp_psram: Found 8MB PSRAM device
I (91) esp_psram: Speed: 80MHz
I (91) cpu_start: Multicore app
W MSPI Timing: tuning fail, best point is fallen back to index 5
I (91) esp_psram: Found 8MB PSRAM device
I (91) esp_psram: Speed: 80MHz
I (91) cpu_start: Multicore app
I (150) esp_psram: SPI SRAM memory test OK
I (150) esp_psram: SPI SRAM memory test OK
I (158) cpu_start: GPIO 44 and 43 are used as console UART I/O pins
I (158) cpu_start: GPIO 44 and 43 are used as console UART I/O pins
I (159) cpu_I (159) cpu_start: Pro cpu start user code
I (159) cpu_start: cpu freq: 240000000 Hz
I (159) app_init: Application information:
I (159) app_init: Project name:     tinydraw_esp32
I (159) app_init: App version:      7a157d4
I (159) app_init: Compile time:     Sep  4 2026 20:35:01
start: Pro cpu start user code
I (159) cpu_start: cpu freq: 240000000 Hz
I (159) app_init: Application information:
I (159) app_init: Project name:     tinydraw_esp32
I (159) app_init: App version:      7a157d4
I (159) app_init: Compile time:     Sep  4 2026 20:35:01
I (159) apI (159) app_init: ELF file SHA256:  d8e9be336...
I (159) app_init: ESP-IDF:          v6.0.2
I (159) efuse_init: Min chip rev:     v0.0
I (159) efuse_init: Max chip rev:     v0.99 
I (159) efuse_init: Chip rev:         v0.0
p_init: ELF file SHA256:  d8e9be336...
I (159) app_init: ESP-IDF:          v6.0.2
I (159) efuse_init: Min chip rev:     v0.0
I (159) efuse_init: Max chip rev:     v0.99 
I (159) efuse_init: Chip rev:         v0.0
I (159) heap_init: Initializing. RAM available for dyI (159) heap_init: Initializing. RAM available for dynamic allocation:
I (159) heap_init: At 3FCA1FD0 len 00047740 (285 KiB): RAM
I (159) heap_init: At 3FCE9710 len 00005724 (21 KiB): RAM
I (159) heap_init: At 3FCF0000 len 00008000 (32 KiB): DRAM
namic allocation:
I (159) heap_init: At 3FCA1FD0 len 00047740 (285 KiB): RAM
I (159) heap_init: At 3FCE9710 len 00005724 (21 KiB): RAM
I (159) heap_init: At 3FCF0000 len 00008000 (32 KiB): DRAM
I (159) heap_init: At 600FE000 len 00001FE8 (7 KiB): RTCRAM
I (159) esp_psram: Adding pool of 8192K of PSRAM memory to heap allocator
I (159) heap_init: At 600FE000 len 00001FE8 (7 KiB): RTCRAM
I (159) esp_psram: Adding pool of 8192K of PSRAM memory to heap allocator
I (160) spi_flash: detected chip: generic
I (160) spi_flash: flash io: qio
I (160) spi_flash: detected chip: generic
I (160) spi_flash: flash io: qio
I (160) sleep_gpio: ConfiI (160) sleep_gpio: Configure to isolate all GPIO pins in sleep state
I (160) sleep_gpio: Enable automatic switching of GPIO sleep configuration
gure to isolate all GPIO pins in sleep state
I (160) sleep_gpio: Enable automatic switching of GPIO sleep configuration
I (160) main_task: Started on CPU0
I (160) main_task: Started on CPU0
I (160) main_task: Calling app_main()
I (160) main_task: Calling app_main()
TINYDRAW_PRODUCER_SCRATCH supertask_internal=1 settle_internal=1 free_internal=220524 free_psram=951304 frame_phase=0
TINYDRAW_PRODUCER_SCRATCH supertask_internal=1 settle_internal=1 free_internal=220524 free_psram=951304 frame_phase=0
TINYDRAW_AUTOSAVE_RESTORE status=1 generation=0 active=0 retained=0
TINYDRAW_AUTOSAVE_RESTORE status=1 generation=0 active=0 retained=0
TINYDRAW_PANEL_HARD_RESET=1 attempts=1 bus_resets=0 first_failure_stage=none first_failure=ESP_OK last_bus_reset=ESP_OK device_remove=ESP_OK bus_delete=ESP_OK
TINYDRAW_PANEL_HARD_RESET=1 attempts=1 bus_resets=0 first_failure_stage=none first_failure=ESP_OK last_bus_reset=ESP_OK device_remove=ESP_OK bus_delete=ESP_OK
TINYDRAW_PANEL_TRANSPORT clock_mhz=40 transfer_phase=0
TINYDRAW_PANEL_TRANSPORT clock_mhz=40 transfer_phase=0
I (343) co5300: version: 2.1.0
I (343) co5300_spi: LCD panel create success, version: 2.1.0
I (343) co5300: version: 2.1.0
I (343) co5300_spi: LCD panel create success, version: 2.1.0
W (423) co5300_spi: The 3Ah command has been used and will be overwritten by external initialization sequence
W (423) co5300_spi: The 3Ah command has been used and will be overwritten by external initialization sequence
I (523) CST816S: IC id: 183
I (523) CST816S: IC id: 183
I (523) PCF85063A: PCF85063A initialized successfully
TINYDRAW_RTC ready=1 retained=0 local=0000-00-00T00:00:00
I (523) PCF85063A: PCF85063A initialized successfully
TINYDRAW_RTC ready=1 retained=0 local=0000-00-00T00:00:00
TINYDRAW_VECTOR_V2_PRESENTATION experiment=boundary-top-sweep te_edge=rising clock_mhz=40 optical_acceptance=external_manual
TINYDRAW_VECTOR_V2_PRESENTATION experiment=boundary-top-sweep te_edge=rising clock_mhz=40 optical_acceptance=external_manual
TINYDRAW_LIVE_PRESENT kind=startup zoom=25 x=0 y=0 compose_us=15402 scroll_us=0 exposed_compose_us=0 chrome_us=5742 chrome_prepare_us=3039 chrome_stage_us=2703 read_submit_us=0 read_complete_uTINYDRAW_LIVE_PRESENT kind=startup zoom=25 x=0 y=0 compose_us=15402 scroll_us=0 exposed_compose_us=0 chrome_us=5742 chrome_prepare_us=3039 chrome_stage_us=2703 read_submit_us=0 read_complete_us=0 transfer_wait_us=13035 tile_pixels=0 uniform_pixels=0 overvis=0 transfer_wait_us=13035 tile_pixels=0 uniform_pixels=0 overview_pixels=164864 fallback_pixels=0 resident_tiles=0 fallback_tiles=0 pushes=11 tear_wait_us=12752 tear_edge_isr_to_resume_us=6 tear_edge_observed=1 tear_edge_wait_resumed=1 tear_edge_timeout=0 tear_heal_attempted=0 tear_heal_command_sent=0 presentation_expew_pixels=164864 fallback_pixels=0 resident_tiles=0 fallback_tiles=0 pushes=11 tear_wait_us=12752 tear_edge_isr_to_resume_us=6 tear_edge_observed=1 tear_edge_wait_resumed=1 tear_edge_timeout=0 tear_heal_attempted=0 tear_heal_command_sent=0 presentation_experiment=boundary-top-sweep te_edge=rising clock_mhz=40 frame_reused=0 pass=1
eriment=boundary-top-sweep te_edge=rising clock_mhz=40 frame_reused=0 pass=1

[emu] stop: MaxInsns — core0 90667709 + core1 9317769 insns in 12.9s wall = 7.8 Minsn/s; emulated 0.853s (204756469 cycles); 22965 exceptions, 3016 interrupts
[irq] per core, cpu-int: count (peripheral sources mapped to it)
  core0 int3         24  sources [79]
  core0 int5        802  sources [57]
  core0 int9         14  sources []
  core0 int12        53  sources [16]
  core0 int13       447  sources [42]
  core1 int0        876  sources [80]
  core1 int1        800  sources [58]

[emu] i2s frames out: 0 (i2s0 @ 44100 Hz) 0 (i2s1 @ 44100 Hz)
[emu] crypto: 0 AES blocks, 11708 SHA blocks, 0 RSA/MPI operations
[emu] approximate timing totals: ApproximateTimingStats { events: [90671960, 9328040], cycles: [118843691, 13950540], traps: 25981, controls: 65, opcode_fallbacks: 99768089, external_fetches: 73038766, external_data: 16757213, mmio: 345634, other_addresses: 0, faults: 0, data_cache: CacheAccess { hits: 0, line_fills: 0, dirty_writebacks: 0, extra_cycles: 0 } }
[emu] approximate memory totals [internal, ROM, flash, PSRAM, MMIO]: [MemoryStats { transactions: 35107489, bytes: 120808329, service_cycles: 0, wait_cycles: 0 }, MemoryStats { transactions: 9547636, bytes: 38082401, service_cycles: 0, wait_cycles: 0 }, MemoryStats { transactions: 73561370, bytes: 294233859, service_cycles: 0, wait_cycles: 0 }, MemoryStats { transactions: 16234609, bytes: 41765462, service_cycles: 0, wait_cycles: 0 }, MemoryStats { transactions: 345634, bytes: 1382536, service_cycles: 0, wait_cycles: 0 }]
