[emu] APPROXIMATE timing: ApproximateTimingConfig { issue: 1, taken_branch: 3, trap: 3, external_extra: 0, mmio_extra: 0, data_cache: None }; use --boot rom; accuracy unvalidated
[emu] ROM loaded from /Users/alice/src/a/esp32sim/target/performance-review-latest-main-2026-09-06/esp32sim-performance-review-latest-main-2026-09-06/assets/rom.elf
[emu] ROM boot from reset vector 0x40000400
ESP-ROM:esp32s3-20210327
Build:Mar 27 2021
rst:0x1 (POWERON),boot:0xf (SPI_FAST_FLASH_BOOT)
configspi:0x00000008
SPIWP:0x00
mode:DIO, clock div:1
load:0x3fce2820,len:0x1664
load:0x403c8700,len:0xf38
ESP-ROM:esp32s3-20210327
Build:Mar 27 2021
rst:0x1 (POWERON),boot:0xf (SPI_FAST_FLASH_BOOT)
configspi:0x00000008
SPIWP:0x00
mode:DIO, clock div:1
load:0x3fce2820,len:0x1664
load:0x403c8700,len:0xf38
load:0x403cb700,len:0x31e8
load:0x403cb700,len:0x31e8
entry 0x403c8930
I (12) boot: ESP-IDF v6.0.2 2nd stage bootloader
I (12) boot: compile time Sep  4 2026 20:35:10
I (12) boot: Multicore bootloader
I (12) boot: chip revision: v0.0
I (12) boot: efuse block revision: v1.0
I (12) qio_mode: Enabling default flash chip QIO
entry 0x403c8930
I (12) boot: ESP-IDF v6.0.2 2nd stage bootloader
I (12) boot: compile time Sep  4 2026 20:35:10
I (12) boot: Multicore bootloader
I (12) boot: chip revision: v0.0
I (12) boot: efuse block revision: v1.0
I (12) qio_mode: Enabling default flash chip QIO
I (12) boot.esp32s3: Boot SPI Speed : 80MHz
I (12) boot.esp32s3: SPI Mode       : QIO
I (12) boot.esp32s3: SPI Flash Size : 16MB
I (13) boot: Enabling RNG early entropy source...
I (13) boot: Partition Table:
I (13) boot: ## Label            Usage          Type ST Offset   Length
I (13) boot:  0 nvs              WiFi data        01 02 00009000 00006000
I (13) boot:  1 phy_init         RF data          01 01 0000f000 00001000
I (12) boot.esp32s3: Boot SPI Speed : 80MHz
I (12) boot.esp32s3: SPI Mode       : QIO
I (12) boot.esp32s3: SPI Flash Size : 16MB
I (13) boot: Enabling RNG early entropy source...
I (13) boot: Partition Table:
I (13) boot: ## Label            Usage          Type ST Offset   Length
I (13) boot:  0 nvs              WiFi data        01 02 00009000 00006000
I (13) boot:  1 phy_init         RF data          01 01 0000f000 00001000
I (13) boot:  2 factory          factory app      00 00 I (13) boot:  2 factory          factory app      00 00 00010000 001c0000
I (14) boot:  3 drawing          Unknown data     01 40 001d0000 00400000
I (14) boot:  4 export           Unknown data     01 41 005d0000 00a20000
I (14) boot:  5 coredump         Unknown data     01 03 00ff0000 00010000
I (14) boot: End of partition table
I (14) esp_image: segment 0: paddr=00010020 vaddr=3c070020 size=34c7ch (216188) map
00010000 001c0000
I (14) boot:  3 drawing          Unknown data     01 40 001d0000 00400000
I (14) boot:  4 export           Unknown data     01 41 005d0000 00a20000
I (14) boot:  5 coredump         Unknown data     01 03 00ff0000 00010000
I (14) boot: End of partition table
I (14) esp_image: segment 0: paddr=00010020 vaddr=3c070020 size=34c7ch (216188) map
I (45) esp_image: segment 1: paddr=00044ca4 vaddr=3fc9d000 size=03794h ( 14228) load
I (45) esp_image: segment 1: paddr=00044ca4 vaddr=3fc9d000 size=03794h ( 14228) load
I (48) esp_image: segment 2: paddr=00048440 vaddr=40374000 size=07bd8h ( 31704) load
I (48) esp_image: segment 2: paddr=00048440 vaddr=40374000 size=07bd8h ( 31704) load
I (53) esp_image: segment 3: paddr=00050020 vaddr=42000020 size=602fch (393980) map
I (53) esp_image: segment 3: paddr=00050020 vaddr=42000020 size=602fch (393980) map
I (109) esp_image: segment 4: paddr=000b0324 vaddr=4037bbd8 size=11360h ( 70496) load
I (109) esp_image: segment 4: paddr=000b0324 vaddr=4037bbd8 size=11360h ( 70496) load
I (121) esp_image: segment 5: paddr=000c168c vaddr=50000000 size=00024h (    36) load
I (121) esp_image: segment 5: paddr=000c168c vaddr=50000000 size=00024h (    36) load
I (127) boot: Loaded app from partition at offset 0x10000
I (127) boot: Disabling RNG early entropy source...
I (128) octal_psram: vendor id    : 0x0d (AP)
I (127) boot: Loaded app from partition at offset 0x10000
I (127) boot: Disabling RNG early entropy source...
I (128) octal_psram: vendor id    : 0x0d (AP)
I (128) octI (128) octal_psram: dev id       : 0x01 (generation 2)
I (128) octal_psram: density      : 0x03 (64 Mbit)
I (128) octal_psram: good-die     : 0x01 (Pass)
I (128) octal_psram: Latency      : 0x01 (Fixed)
I (128) octal_psram: VCC          : 0x00 (1.8V)
I (128) octal_psram: SRF          : 0x00 (Slow Refresh)
I (128) octal_psram: BurstType    : 0x00 ( Wrap)
I (128) octal_psram: BurstLen     : 0x03 (1024 Byte)
I (129) octal_psram: Readlatency  : 0x02 (10 cycles@Fixed)
I (129) octal_psram: DriveStrength: 0x00 (1/1)
al_psram: dev id       : 0x01 (generation 2)
I (128) octal_psram: density      : 0x03 (64 Mbit)
I (128) octal_psram: good-die     : 0x01 (Pass)
I (128) octal_psram: Latency      : 0x01 (Fixed)
I (128) octal_psram: VCC          : 0x00 (1.8V)
I (128) octal_psram: SRF          : 0x00 (Slow Refresh)
I (128) octal_psram: BurstType    : 0x00 ( Wrap)
I (128) octal_psram: BurstLen     : 0x03 (1024 Byte)
I (129) octal_psram: Readlatency  : 0x02 (10 cycles@Fixed)
I (129) octal_psram: DriveStrength: 0x00 (1/1)
I (129) MSPI Timing: Enter psraI (129) MSPI Timing: Enter psram timing tuning
W MSPI Timing: tuning fail, best point is fallen back to index 5
I (130) esp_psram: Found 8MB PSRAM device
I (130) esp_psram: Speed: 80MHz
I (130) cpu_start: Multicore app
m timing tuning
W MSPI Timing: tuning fail, best point is fallen back to index 5
I (130) esp_psram: Found 8MB PSRAM device
I (130) esp_psram: Speed: 80MHz
I (130) cpu_start: Multicore app
I (556) esp_psram: SPI SRAM memory test OK
I (556) esp_psram: SPI SRAM memory test OK
I (564) cpu_start: GPIO 44 and 43 are used as console UART I/O pins
I (564) cpu_start: GPIO 44 and 43 are used as console UART I/O pins
I (565) cpu_start: Pro cpu start user code
I (565) cpu_start: cpu freq: 240000000 Hz
I (565) app_init: Application information:
I (565) app_init: Project name:     tinydraw_esp32
I (565) cpu_start: Pro cpu start user code
I (565) cpu_start: cpu freq: 240000000 Hz
I (565) app_init: Application information:
I (565) app_init: Project name:     tinydraw_esp32
I (565I (565) app_init: App version:      7a157d4
I (565) app_init: Compile time:     Sep  4 2026 20:35:01
I (565) app_init: ELF file SHA256:  d8e9be336...
I (565) app_init: ESP-IDF:          v6.0.2
I (565) efuse_init: Min chip rev:     v0.0
I (565) efuse_init: Max chip rev:     v0.99 
) app_init: App version:      7a157d4
I (565) app_init: Compile time:     Sep  4 2026 20:35:01
I (565) app_init: ELF file SHA256:  d8e9be336...
I (565) app_init: ESP-IDF:          v6.0.2
I (565) efuse_init: Min chip rev:     v0.0
I (565) efuse_init: Max chip rev:     v0.99 I (565) efuse_init: Chip rev:         v0.0
I (565) heap_init: Initializing. RAM available for dynamic allocation:

I (565) efuse_init: Chip rev:         v0.0
I (565) heap_init: Initializing. RAM available for dynamic allocation:
I (I (565) heap_init: At 3FCA1FD0 len 00047740 (285 KiB): RAM
I (565) heap_init: At 3FCE9710 len 00005724 (21 KiB): RAM
I (566) heap_init: At 3FCF0000 len 00008000 (32 KiB): DRAM
565) heap_init: At 3FCA1FD0 len 00047740 (285 KiB): RAM
I (565) heap_init: At 3FCE9710 len 00005724 (21 KiB): RAM
I (566) heap_init: At 3FCF0000 len 00008000 (32 KiB): DRAM
I (566) heap_init: At 600FE000 len 00001FE8 (7 KiB): RTCRAM
I (566) heap_init: At 600FE000 len 00001FE8 (7 KiB): RTCRAM
I (566) esp_psram: Adding pool of 8192K of PSRAM memory to heap allocator
I (566) esp_psram: Adding pool of 8192K of PSRAM memory to heap allocator
I (566) spi_flash: detected chip: generic
I (566) spi_flash: detected chip: generic
I (567) spi_flash: flash io: qio
I (567) spi_flash: flash io: qio
I (567) sleep_gpio: Configure to isolate all GPIO pins in sleep I (567) sleep_gpio: Configure to isolate all GPIO pins in sleep ststate
ate
I (568) sleep_gpio: Enable automatic switching of GPIO sleep configuration
I (568) sleep_gpio: Enable automatic switching of GPIO sleep configuration
I (569) main_task: Started on CPU0
I (569) main_task: Started on CPU0
I (570) main_task: Calling app_main()
I (570) main_task: Calling app_main()
TINYDRAW_PRODUCER_SCRATCH supertask_internal=1 settle_internal=1 free_internal=220524 free_psram=951304 frame_phase=0
TINYDRAW_PRODUCER_SCRATCH supertask_internal=1 settle_internal=1 free_internal=220524 free_psram=951304 frame_phase=0
TINYDRAW_AUTOSAVE_RESTORE status=1 generation=0 active=0 retained=0
TINYDRAW_AUTOSAVE_RESTORE status=1 generation=0 active=0 retained=0
TINYDRAW_PANEL_HARD_RESET=1 attempts=1 bus_resets=TINYDRAW_PANEL_HARD_RESET=1 attempts=1 bus_resets=0 first_failure_stage=none first_failure=ESP_OK last_bus_reset=ESP_OK device_remove=ESP_OK bus_delete=ESP_OK
TINYDRAW_PANEL_TRANSPORT clock_mhz=40 transfer_phase=0
0 first_failure_stage=none first_failure=ESP_OK last_bus_reset=ESP_OK device_remove=ESP_OK bus_delete=ESP_OK
TINYDRAW_PANEL_TRANSPORT clock_mhz=40 transfer_phase=0
I (830) co5300: version: 2.1.0
I (830) co5300: version: 2.1.0
I (830) co5300_spi: LCD panel create success, version: 2.1.0
I (830) co5300_spi: LCD panel create success, version: 2.1.0
W (911) co5300_spi: The 3Ah command has been used and will be overwritten by external initialization sequence
W (911) co5300_spi: The 3Ah command has been used and will be overwritten by external initialization sequence
I (1013) CST816S: IC id: 183
I (1013) CST816S: IC id: 183
I (1014) PCF85063A: PCF85063A initialized successfully
I (1014) PCF85063A: PCF85063A initialized successfully
TINYDRAW_RTC ready=1 retained=0 local=0000-00-00T00:00:00
TINYDRAW_RTC ready=1 retained=0 local=0000-00-00T00:00:00
TINYDRAW_VECTOR_V2_PRESENTATION experiment=boundary-top-sweep te_edge=rising clock_mhz=40TINYDRAW_VECTOR_V2_PRESENTATION experiment=boundary-top-sweep te_edge=rising clock_mhz=40 optical_acceptance=external_manual
 optical_acceptance=external_manual
TINYDRAW_LIVE_PRESENT kind=startup zoom=25 x=0 y=0 compose_us=40680 scroll_us=0 exposed_compose_us=0 chrome_us=50065 chrome_prepTINYDRAW_LIVE_PRESENT kind=startup zoom=25 x=0 y=0 compose_us=40680 scroll_us=0 exposed_compose_us=0 chrome_us=50065 chrome_prepare_us=24550 chrome_stage_us=25515 read_submit_us=0 read_complete_us=0 transfer_wait_us=42296 tile_pixels=0 uniform_pixels=0 overview_pixels=164864 fallback_pixels=0 resident_tiles=0 fallback_tiles=0 pushes=11 tear_wait_us=4284 tear_edge_isr_to_resume_us=8are_us=24550 chrome_stage_us=25515 read_submit_us=0 read_complete_us=0 transfer_wait_us=42296 tile_pixels=0 uniform_pixels=0 overview_pixels=164864 fallback_pixels=0 resident_tiles=0 fallback_tiles=0 pushes=11 tear_wait_us=4284 tear_edge_isr_to_resume_us=8 tear_edge_observed=1 tear_edge_wait_resumed=1 tear_edge_timeout=0 tear_heal_attempted=0 tear_heal_command_sent=0 presentation_experiment=boundary-top-sweep te_edge=rising clock_mhz=40 frame_reused=0 pass=1
 tear_edge_observed=1 tear_edge_wait_resumed=1 tear_edge_timeout=0 tear_heal_attempted=0 tear_heal_command_sent=0 presentation_experiment=boundary-top-sweep te_edge=rising clock_mhz=40 frame_reused=0 pass=1

[emu] stop: MaxInsns — core0 57285306 + core1 42669358 insns in 12.5s wall = 8.0 Minsn/s; emulated 2.322s (557229777 cycles); 71525 exceptions, 9547 interrupts
[irq] per core, cpu-int: count (peripheral sources mapped to it)
  core0 int3         23  sources [79]
  core0 int5       2132  sources [57]
  core0 int9         14  sources []
  core0 int12       203  sources [16]
  core0 int13      1687  sources [42]
  core1 int0       3356  sources [80]
  core1 int1       2132  sources [58]

[emu] i2s frames out: 0 (i2s0 @ 44100 Hz) 0 (i2s1 @ 44100 Hz)
[emu] crypto: 0 AES blocks, 11708 SHA blocks, 0 RSA/MPI operations
[emu] approximate timing totals: ApproximateTimingStats { events: [57294050, 42705950], cycles: [76920016, 65353902], traps: 81072, controls: 74, opcode_fallbacks: 99532105, external_fetches: 38217628, external_data: 12974710, mmio: 491472, other_addresses: 0, faults: 0, data_cache: CacheAccess { hits: 0, line_fills: 0, dirty_writebacks: 0, extra_cycles: 0 } }
[emu] approximate memory totals [internal, ROM, flash, PSRAM, MMIO]: [MemoryStats { transactions: 49436332, bytes: 187971122, service_cycles: 0, wait_cycles: 0 }, MemoryStats { transactions: 29651163, bytes: 118496446, service_cycles: 0, wait_cycles: 0 }, MemoryStats { transactions: 38993500, bytes: 155962379, service_cycles: 311948000, wait_cycles: 75488173 }, MemoryStats { transactions: 12198838, bytes: 35551953, service_cycles: 97590704, wait_cycles: 6676692 }, MemoryStats { transactions: 491472, bytes: 1965888, service_cycles: 0, wait_cycles: 0 }]
